// Jest Snapshot v1, https://goo.gl/fbAQLP

exports[`renders correctly 1`] = `
Object {
  "asFragment": [Function],
  "baseElement": <body>
    <div>
      <main
        class="App"
      >
        <h1>
          THE SYNONYM APP
        </h1>
        <section
          class="flavorMessage"
        >
          <p>
            <i>
              substitute
               is 
              equivalent to 
              synonym
            </i>
          </p>
        </section>
        <div
          class="inputWithButtonWrapper"
        >
          <input
            value=""
          />
          <button>
            Get synonyms
          </button>
        </div>
        <div
          class="inputWithButtonWrapper"
        >
          <input
            value=""
          />
          <button>
            Set new synonym
          </button>
        </div>
        <h3>
          No word chosen! Type in a word and press "Get synonyms".
        </h3>
      </main>
      <footer
        class="footer"
      >
        <div>
          This site is powered by tests taking way too long to run on my monolith project
        </div>
        <div
          class="tooltip"
        >
          Nothing to see here, move along
        </div>
      </footer>
    </div>
  </body>,
  "container": <div>
    <main
      class="App"
    >
      <h1>
        THE SYNONYM APP
      </h1>
      <section
        class="flavorMessage"
      >
        <p>
          <i>
            substitute
             is 
            equivalent to 
            synonym
          </i>
        </p>
      </section>
      <div
        class="inputWithButtonWrapper"
      >
        <input
          value=""
        />
        <button>
          Get synonyms
        </button>
      </div>
      <div
        class="inputWithButtonWrapper"
      >
        <input
          value=""
        />
        <button>
          Set new synonym
        </button>
      </div>
      <h3>
        No word chosen! Type in a word and press "Get synonyms".
      </h3>
    </main>
    <footer
      class="footer"
    >
      <div>
        This site is powered by tests taking way too long to run on my monolith project
      </div>
      <div
        class="tooltip"
      >
        Nothing to see here, move along
      </div>
    </footer>
  </div>,
  "debug": [Function],
  "findAllByAltText": [Function],
  "findAllByDisplayValue": [Function],
  "findAllByLabelText": [Function],
  "findAllByPlaceholderText": [Function],
  "findAllByRole": [Function],
  "findAllByTestId": [Function],
  "findAllByText": [Function],
  "findAllByTitle": [Function],
  "findByAltText": [Function],
  "findByDisplayValue": [Function],
  "findByLabelText": [Function],
  "findByPlaceholderText": [Function],
  "findByRole": [Function],
  "findByTestId": [Function],
  "findByText": [Function],
  "findByTitle": [Function],
  "getAllByAltText": [Function],
  "getAllByDisplayValue": [Function],
  "getAllByLabelText": [Function],
  "getAllByPlaceholderText": [Function],
  "getAllByRole": [Function],
  "getAllByTestId": [Function],
  "getAllByText": [Function],
  "getAllByTitle": [Function],
  "getByAltText": [Function],
  "getByDisplayValue": [Function],
  "getByLabelText": [Function],
  "getByPlaceholderText": [Function],
  "getByRole": [Function],
  "getByTestId": [Function],
  "getByText": [Function],
  "getByTitle": [Function],
  "queryAllByAltText": [Function],
  "queryAllByDisplayValue": [Function],
  "queryAllByLabelText": [Function],
  "queryAllByPlaceholderText": [Function],
  "queryAllByRole": [Function],
  "queryAllByTestId": [Function],
  "queryAllByText": [Function],
  "queryAllByTitle": [Function],
  "queryByAltText": [Function],
  "queryByDisplayValue": [Function],
  "queryByLabelText": [Function],
  "queryByPlaceholderText": [Function],
  "queryByRole": [Function],
  "queryByTestId": [Function],
  "queryByText": [Function],
  "queryByTitle": [Function],
  "rerender": [Function],
  "unmount": [Function],
}
`;
